// Jest Snapshot v1, https://goo.gl/fbAQLP

exports[`Main  renders correctly 1`] = `
ShallowWrapper {
  "length": 1,
  Symbol(enzyme.__root__): [Circular],
  Symbol(enzyme.__unrendered__): <Main />,
  Symbol(enzyme.__renderer__): Object {
    "batchedUpdates": [Function],
    "getNode": [Function],
    "render": [Function],
    "simulateEvent": [Function],
    "unmount": [Function],
  },
  Symbol(enzyme.__node__): Object {
    "instance": null,
    "key": undefined,
    "nodeType": "host",
    "props": Object {
      "children": <Switch>
        <Route
                component={[Function]}
                exact={true}
                path="/"
        />
        <Route
                path="/People"
                render={[Function]}
        />
        <Route
                path="/Planets"
                render={[Function]}
        />
        <Route
                path="/Vehicles"
                render={[Function]}
        />
        <Route
                path="/Favorites"
                render={[Function]}
        />
</Switch>,
      "className": "main-wrap",
    },
    "ref": null,
    "rendered": Object {
      "instance": null,
      "key": undefined,
      "nodeType": "class",
      "props": Object {
        "children": Array [
          <Route
            component={[Function]}
            exact={true}
            path="/"
/>,
          <Route
            path="/People"
            render={[Function]}
/>,
          <Route
            path="/Planets"
            render={[Function]}
/>,
          <Route
            path="/Vehicles"
            render={[Function]}
/>,
          <Route
            path="/Favorites"
            render={[Function]}
/>,
        ],
      },
      "ref": null,
      "rendered": Array [
        Object {
          "instance": null,
          "key": undefined,
          "nodeType": "class",
          "props": Object {
            "component": [Function],
            "exact": true,
            "path": "/",
          },
          "ref": null,
          "rendered": null,
          "type": [Function],
        },
        Object {
          "instance": null,
          "key": undefined,
          "nodeType": "class",
          "props": Object {
            "path": "/People",
            "render": [Function],
          },
          "ref": null,
          "rendered": null,
          "type": [Function],
        },
        Object {
          "instance": null,
          "key": undefined,
          "nodeType": "class",
          "props": Object {
            "path": "/Planets",
            "render": [Function],
          },
          "ref": null,
          "rendered": null,
          "type": [Function],
        },
        Object {
          "instance": null,
          "key": undefined,
          "nodeType": "class",
          "props": Object {
            "path": "/Vehicles",
            "render": [Function],
          },
          "ref": null,
          "rendered": null,
          "type": [Function],
        },
        Object {
          "instance": null,
          "key": undefined,
          "nodeType": "class",
          "props": Object {
            "path": "/Favorites",
            "render": [Function],
          },
          "ref": null,
          "rendered": null,
          "type": [Function],
        },
      ],
      "type": [Function],
    },
    "type": "div",
  },
  Symbol(enzyme.__nodes__): Array [
    Object {
      "instance": null,
      "key": undefined,
      "nodeType": "host",
      "props": Object {
        "children": <Switch>
          <Route
                    component={[Function]}
                    exact={true}
                    path="/"
          />
          <Route
                    path="/People"
                    render={[Function]}
          />
          <Route
                    path="/Planets"
                    render={[Function]}
          />
          <Route
                    path="/Vehicles"
                    render={[Function]}
          />
          <Route
                    path="/Favorites"
                    render={[Function]}
          />
</Switch>,
        "className": "main-wrap",
      },
      "ref": null,
      "rendered": Object {
        "instance": null,
        "key": undefined,
        "nodeType": "class",
        "props": Object {
          "children": Array [
            <Route
              component={[Function]}
              exact={true}
              path="/"
/>,
            <Route
              path="/People"
              render={[Function]}
/>,
            <Route
              path="/Planets"
              render={[Function]}
/>,
            <Route
              path="/Vehicles"
              render={[Function]}
/>,
            <Route
              path="/Favorites"
              render={[Function]}
/>,
          ],
        },
        "ref": null,
        "rendered": Array [
          Object {
            "instance": null,
            "key": undefined,
            "nodeType": "class",
            "props": Object {
              "component": [Function],
              "exact": true,
              "path": "/",
            },
            "ref": null,
            "rendered": null,
            "type": [Function],
          },
          Object {
            "instance": null,
            "key": undefined,
            "nodeType": "class",
            "props": Object {
              "path": "/People",
              "render": [Function],
            },
            "ref": null,
            "rendered": null,
            "type": [Function],
          },
          Object {
            "instance": null,
            "key": undefined,
            "nodeType": "class",
            "props": Object {
              "path": "/Planets",
              "render": [Function],
            },
            "ref": null,
            "rendered": null,
            "type": [Function],
          },
          Object {
            "instance": null,
            "key": undefined,
            "nodeType": "class",
            "props": Object {
              "path": "/Vehicles",
              "render": [Function],
            },
            "ref": null,
            "rendered": null,
            "type": [Function],
          },
          Object {
            "instance": null,
            "key": undefined,
            "nodeType": "class",
            "props": Object {
              "path": "/Favorites",
              "render": [Function],
            },
            "ref": null,
            "rendered": null,
            "type": [Function],
          },
        ],
        "type": [Function],
      },
      "type": "div",
    },
  ],
  Symbol(enzyme.__options__): Object {
    "adapter": ReactSixteenAdapter {
      "options": Object {
        "enableComponentDidUpdateOnSetState": true,
      },
    },
    "disableLifecycleMethods": true,
  },
}
`;
