// Jest Snapshot v1, https://goo.gl/fbAQLP

exports[`App  renders correctly 1`] = `
ShallowWrapper {
  "length": 1,
  Symbol(enzyme.__root__): [Circular],
  Symbol(enzyme.__unrendered__): <App />,
  Symbol(enzyme.__renderer__): Object {
    "batchedUpdates": [Function],
    "getNode": [Function],
    "render": [Function],
    "simulateEvent": [Function],
    "unmount": [Function],
  },
  Symbol(enzyme.__node__): Object {
    "instance": null,
    "key": undefined,
    "nodeType": "host",
    "props": Object {
      "children": Array [
        <div
          className="stars"
/>,
        <div
          className="twinkling"
/>,
        <ul
          className="main-nav"
>
          <li
                    className="title"
          >
                    <Link
                              replace={false}
                              to="/"
                    >
                              SWAPI BOX
                    </Link>
          </li>
          <li>
                    <Link
                              replace={false}
                              to="/People"
                    >
                              People
                    </Link>
          </li>
          <li>
                    <Link
                              replace={false}
                              to="/Planets"
                    >
                              Planets
                    </Link>
          </li>
          <li>
                    <Link
                              replace={false}
                              to="/Vehicles"
                    >
                              Vehicles
                    </Link>
          </li>
          <li>
                    <Link
                              replace={false}
                              to="/Favorites"
                    >
                              Favorites
                    </Link>
          </li>
</ul>,
        <Main />,
      ],
      "className": "app-wrap",
    },
    "ref": null,
    "rendered": Array [
      Object {
        "instance": null,
        "key": undefined,
        "nodeType": "host",
        "props": Object {
          "className": "stars",
        },
        "ref": null,
        "rendered": null,
        "type": "div",
      },
      Object {
        "instance": null,
        "key": undefined,
        "nodeType": "host",
        "props": Object {
          "className": "twinkling",
        },
        "ref": null,
        "rendered": null,
        "type": "div",
      },
      Object {
        "instance": null,
        "key": undefined,
        "nodeType": "host",
        "props": Object {
          "children": Array [
            <li
              className="title"
>
              <Link
                            replace={false}
                            to="/"
              >
                            SWAPI BOX
              </Link>
</li>,
            <li>
              <Link
                            replace={false}
                            to="/People"
              >
                            People
              </Link>
</li>,
            <li>
              <Link
                            replace={false}
                            to="/Planets"
              >
                            Planets
              </Link>
</li>,
            <li>
              <Link
                            replace={false}
                            to="/Vehicles"
              >
                            Vehicles
              </Link>
</li>,
            <li>
              <Link
                            replace={false}
                            to="/Favorites"
              >
                            Favorites
              </Link>
</li>,
          ],
          "className": "main-nav",
        },
        "ref": null,
        "rendered": Array [
          Object {
            "instance": null,
            "key": undefined,
            "nodeType": "host",
            "props": Object {
              "children": <Link
                replace={false}
                to="/"
>
                SWAPI BOX
</Link>,
              "className": "title",
            },
            "ref": null,
            "rendered": Object {
              "instance": null,
              "key": undefined,
              "nodeType": "class",
              "props": Object {
                "children": "SWAPI BOX",
                "replace": false,
                "to": "/",
              },
              "ref": null,
              "rendered": "SWAPI BOX",
              "type": [Function],
            },
            "type": "li",
          },
          Object {
            "instance": null,
            "key": undefined,
            "nodeType": "host",
            "props": Object {
              "children": <Link
                replace={false}
                to="/People"
>
                People
</Link>,
            },
            "ref": null,
            "rendered": Object {
              "instance": null,
              "key": undefined,
              "nodeType": "class",
              "props": Object {
                "children": "People",
                "replace": false,
                "to": "/People",
              },
              "ref": null,
              "rendered": "People",
              "type": [Function],
            },
            "type": "li",
          },
          Object {
            "instance": null,
            "key": undefined,
            "nodeType": "host",
            "props": Object {
              "children": <Link
                replace={false}
                to="/Planets"
>
                Planets
</Link>,
            },
            "ref": null,
            "rendered": Object {
              "instance": null,
              "key": undefined,
              "nodeType": "class",
              "props": Object {
                "children": "Planets",
                "replace": false,
                "to": "/Planets",
              },
              "ref": null,
              "rendered": "Planets",
              "type": [Function],
            },
            "type": "li",
          },
          Object {
            "instance": null,
            "key": undefined,
            "nodeType": "host",
            "props": Object {
              "children": <Link
                replace={false}
                to="/Vehicles"
>
                Vehicles
</Link>,
            },
            "ref": null,
            "rendered": Object {
              "instance": null,
              "key": undefined,
              "nodeType": "class",
              "props": Object {
                "children": "Vehicles",
                "replace": false,
                "to": "/Vehicles",
              },
              "ref": null,
              "rendered": "Vehicles",
              "type": [Function],
            },
            "type": "li",
          },
          Object {
            "instance": null,
            "key": undefined,
            "nodeType": "host",
            "props": Object {
              "children": <Link
                replace={false}
                to="/Favorites"
>
                Favorites
</Link>,
            },
            "ref": null,
            "rendered": Object {
              "instance": null,
              "key": undefined,
              "nodeType": "class",
              "props": Object {
                "children": "Favorites",
                "replace": false,
                "to": "/Favorites",
              },
              "ref": null,
              "rendered": "Favorites",
              "type": [Function],
            },
            "type": "li",
          },
        ],
        "type": "ul",
      },
      Object {
        "instance": null,
        "key": undefined,
        "nodeType": "class",
        "props": Object {},
        "ref": null,
        "rendered": null,
        "type": [Function],
      },
    ],
    "type": "div",
  },
  Symbol(enzyme.__nodes__): Array [
    Object {
      "instance": null,
      "key": undefined,
      "nodeType": "host",
      "props": Object {
        "children": Array [
          <div
            className="stars"
/>,
          <div
            className="twinkling"
/>,
          <ul
            className="main-nav"
>
            <li
                        className="title"
            >
                        <Link
                                    replace={false}
                                    to="/"
                        >
                                    SWAPI BOX
                        </Link>
            </li>
            <li>
                        <Link
                                    replace={false}
                                    to="/People"
                        >
                                    People
                        </Link>
            </li>
            <li>
                        <Link
                                    replace={false}
                                    to="/Planets"
                        >
                                    Planets
                        </Link>
            </li>
            <li>
                        <Link
                                    replace={false}
                                    to="/Vehicles"
                        >
                                    Vehicles
                        </Link>
            </li>
            <li>
                        <Link
                                    replace={false}
                                    to="/Favorites"
                        >
                                    Favorites
                        </Link>
            </li>
</ul>,
          <Main />,
        ],
        "className": "app-wrap",
      },
      "ref": null,
      "rendered": Array [
        Object {
          "instance": null,
          "key": undefined,
          "nodeType": "host",
          "props": Object {
            "className": "stars",
          },
          "ref": null,
          "rendered": null,
          "type": "div",
        },
        Object {
          "instance": null,
          "key": undefined,
          "nodeType": "host",
          "props": Object {
            "className": "twinkling",
          },
          "ref": null,
          "rendered": null,
          "type": "div",
        },
        Object {
          "instance": null,
          "key": undefined,
          "nodeType": "host",
          "props": Object {
            "children": Array [
              <li
                className="title"
>
                <Link
                                replace={false}
                                to="/"
                >
                                SWAPI BOX
                </Link>
</li>,
              <li>
                <Link
                                replace={false}
                                to="/People"
                >
                                People
                </Link>
</li>,
              <li>
                <Link
                                replace={false}
                                to="/Planets"
                >
                                Planets
                </Link>
</li>,
              <li>
                <Link
                                replace={false}
                                to="/Vehicles"
                >
                                Vehicles
                </Link>
</li>,
              <li>
                <Link
                                replace={false}
                                to="/Favorites"
                >
                                Favorites
                </Link>
</li>,
            ],
            "className": "main-nav",
          },
          "ref": null,
          "rendered": Array [
            Object {
              "instance": null,
              "key": undefined,
              "nodeType": "host",
              "props": Object {
                "children": <Link
                  replace={false}
                  to="/"
>
                  SWAPI BOX
</Link>,
                "className": "title",
              },
              "ref": null,
              "rendered": Object {
                "instance": null,
                "key": undefined,
                "nodeType": "class",
                "props": Object {
                  "children": "SWAPI BOX",
                  "replace": false,
                  "to": "/",
                },
                "ref": null,
                "rendered": "SWAPI BOX",
                "type": [Function],
              },
              "type": "li",
            },
            Object {
              "instance": null,
              "key": undefined,
              "nodeType": "host",
              "props": Object {
                "children": <Link
                  replace={false}
                  to="/People"
>
                  People
</Link>,
              },
              "ref": null,
              "rendered": Object {
                "instance": null,
                "key": undefined,
                "nodeType": "class",
                "props": Object {
                  "children": "People",
                  "replace": false,
                  "to": "/People",
                },
                "ref": null,
                "rendered": "People",
                "type": [Function],
              },
              "type": "li",
            },
            Object {
              "instance": null,
              "key": undefined,
              "nodeType": "host",
              "props": Object {
                "children": <Link
                  replace={false}
                  to="/Planets"
>
                  Planets
</Link>,
              },
              "ref": null,
              "rendered": Object {
                "instance": null,
                "key": undefined,
                "nodeType": "class",
                "props": Object {
                  "children": "Planets",
                  "replace": false,
                  "to": "/Planets",
                },
                "ref": null,
                "rendered": "Planets",
                "type": [Function],
              },
              "type": "li",
            },
            Object {
              "instance": null,
              "key": undefined,
              "nodeType": "host",
              "props": Object {
                "children": <Link
                  replace={false}
                  to="/Vehicles"
>
                  Vehicles
</Link>,
              },
              "ref": null,
              "rendered": Object {
                "instance": null,
                "key": undefined,
                "nodeType": "class",
                "props": Object {
                  "children": "Vehicles",
                  "replace": false,
                  "to": "/Vehicles",
                },
                "ref": null,
                "rendered": "Vehicles",
                "type": [Function],
              },
              "type": "li",
            },
            Object {
              "instance": null,
              "key": undefined,
              "nodeType": "host",
              "props": Object {
                "children": <Link
                  replace={false}
                  to="/Favorites"
>
                  Favorites
</Link>,
              },
              "ref": null,
              "rendered": Object {
                "instance": null,
                "key": undefined,
                "nodeType": "class",
                "props": Object {
                  "children": "Favorites",
                  "replace": false,
                  "to": "/Favorites",
                },
                "ref": null,
                "rendered": "Favorites",
                "type": [Function],
              },
              "type": "li",
            },
          ],
          "type": "ul",
        },
        Object {
          "instance": null,
          "key": undefined,
          "nodeType": "class",
          "props": Object {},
          "ref": null,
          "rendered": null,
          "type": [Function],
        },
      ],
      "type": "div",
    },
  ],
  Symbol(enzyme.__options__): Object {
    "adapter": ReactSixteenAdapter {
      "options": Object {
        "enableComponentDidUpdateOnSetState": true,
      },
    },
    "disableLifecycleMethods": true,
  },
}
`;
